============================= test session starts =============================
platform win32 -- Python 3.14.0, pytest-9.0.2, pluggy-1.6.0
rootdir: C:\Users\D2r3v\processAnalysis
plugins: anyio-4.12.1
collected 19 items

test\testClean.py .........F.........                                    [100%]

================================== FAILURES ===================================
_______ TestCleanAndImputeBranchNames.test_multiple_branch_names_per_pr _______

self = <test.testClean.TestCleanAndImputeBranchNames object at 0x0000029542E81A90>
temp_dir = 'C:\\Users\\D2r3v\\AppData\\Local\\Temp\\tmp4wfmb22t'

    def test_multiple_branch_names_per_pr(self, temp_dir):
        """Test when a PR has different branch names (uses first one)"""
        input_path = os.path.join(temp_dir, 'input.csv')
        output_path = os.path.join(temp_dir, 'output.csv')
    
        # Create data where PR 1 has two different branch names
        df = pd.DataFrame({
            'pr_id': [1, 1, 1, 1],
            'branch_name': ['feature-a', 'feature-b', np.nan, np.nan],
            'commit_sha': ['abc1', 'abc2', 'abc3', 'abc4'],
            'author': ['user1', 'user1', 'user2', 'user2']
        })
        df.to_csv(input_path, index=False)
    
        clean_and_impute_branch_names(input_path, output_path)
    
        result_df = pd.read_csv(output_path)
    
        # Should use the first branch name encountered
        pr1_missing = result_df[(result_df['pr_id'] == 1) &
                                (result_df['commit_sha'].isin(['abc3', 'abc4']))]
        # The missing values should be filled with 'feature-a' (first value)
>       assert all(pr1_missing['branch_name'] == 'feature-a')
E       AssertionError: assert False
E        +  where False = all(2    feature-b\n3    feature-b\nName: branch_name, dtype: object == 'feature-a')

test\testClean.py:252: AssertionError
============================== warnings summary ===============================
test/testClean.py::TestCleanAndImputeBranchNames::test_all_missing_branches_for_pr
  C:\Users\D2r3v\processAnalysis\process_model\clean.py:185: FutureWarning: Downcasting object dtype arrays on .fillna, .ffill, .bfill is deprecated and will change in a future version. Call result.infer_objects(copy=False) instead. To opt-in to the future behavior, set `pd.set_option('future.no_silent_downcasting', True)`
    return series.ffill().bfill()

-- Docs: https://docs.pytest.org/en/stable/how-to/capture-warnings.html
=========================== short test summary info ===========================
FAILED test/testClean.py::TestCleanAndImputeBranchNames::test_multiple_branch_names_per_pr
=================== 1 failed, 18 passed, 1 warning in 1.98s ===================
